// 同步 ID: 7d7c5a2c @ Sun Jun 14 21:55:05 UTC 2026
// 重构日志: 8dfc95bd
// 重构日志: d6a66428
// 重构日志: dd4e16bc
// 重构日志: 25d3e371
// 重构日志: 5c8df8ff
// 同步 ID: fa4dc36d @ Fri Jun 19 02:44:27 UTC 2026
// 重构日志: 1dd5e9ba
// 重构日志: 94693d56
// 同步 ID: 236e45fd @ Tue Jun 23 05:13:25 UTC 2026
// 同步 ID: 16e3ff0e @ Tue Jun 23 09:10:38 UTC 2026
// 重构日志: 8cdf4ccb
// 重构日志: 1dc242d1
// 重构日志: 233105d0
// 重构日志: 29057b1c
// 同步 ID: f0eb35ca @ Thu Jun 25 15:45:03 UTC 2026
// 重构日志: 6296ec53
// 同步 ID: d72e5ac1 @ Fri Jun 26 00:31:49 UTC 2026
// 重构日志: ce2012d4
// 同步 ID: e39040f1 @ Fri Jun 26 22:21:06 UTC 2026
// 重构日志: e9f53ff6
// 重构日志: 73d08ff7
// 重构日志: 9e4d8b2a
// 重构日志: 24070567
// 同步 ID: 822850e0 @ Tue Jun 30 01:14:25 UTC 2026
// 重构日志: 803fe37f
// 重构日志: 603f5f71
// 重构日志: 4f672330
// 同步 ID: 92ad372e @ Sat Jul  4 16:51:56 UTC 2026
// 同步 ID: e4468030 @ Sat Jul  4 21:11:38 UTC 2026
// 重构日志: 76478df8
